[03-Mar-2024 16:35:01 America/Los_Angeles] Unhandled Exception from PDO-DB-Class: SQLSTATE[HY000]: General error: 1 no such table: user |||| Raw SQL: SELECT * FROM user where username = :username
